./sshash query -i /mnt/hd2/pibiri/DNA/sshash-indexes-new/cod.k63.sshash -q /mnt/hd2/pibiri/DNA/queries/SRR12858649.fastq.gz 
2026-08-28 20:41:29: performing queries from file '/mnt/hd2/pibiri/DNA/queries/SRR12858649.fastq.gz'...
2026-08-28 20:41:32: DONE
==== query report:
num_kmers = 97972416
num_positive_kmers = 67275966 (68.6683%)
num_negative_kmers = 30696450 (31.3317%)
num_invalid_kmers = 0 (0%)
num_searches = 2280719/67275966 (3.39009%)
num_extensions = 64995247/67275966 (96.6099%)
num_memo_singleton = 1309608
num_memo_light = 11103991
elapsed = 3.569 sec / 0.0594833 min / 36.4286 ns/kmer
./sshash query -i /mnt/hd2/pibiri/DNA/sshash-indexes-new/kestrel.k63.sshash -q /mnt/hd2/pibiri/DNA/queries/SRR11449743_1.fastq.gz 
2026-08-28 20:41:33: performing queries from file '/mnt/hd2/pibiri/DNA/queries/SRR11449743_1.fastq.gz'...
2026-08-28 20:41:53: DONE
==== query report:
num_kmers = 461383839
num_positive_kmers = 293470517 (63.6066%)
num_negative_kmers = 167902332 (36.391%)
num_invalid_kmers = 10990 (0.00238196%)
num_searches = 6395458/293470517 (2.17925%)
num_extensions = 287075059/293470517 (97.8207%)
num_memo_singleton = 4872310
num_memo_light = 56564763
elapsed = 20.048 sec / 0.334133 min / 43.4519 ns/kmer
./sshash query -i /mnt/hd2/pibiri/DNA/sshash-indexes-new/human.k63.sshash -q /mnt/hd2/pibiri/DNA/queries/SRR5833294.fastq.gz 
2026-08-28 20:41:53: performing queries from file '/mnt/hd2/pibiri/DNA/queries/SRR5833294.fastq.gz'...
2026-08-28 20:42:46: DONE
==== query report:
num_kmers = 477818474
num_positive_kmers = 406529529 (85.0803%)
num_negative_kmers = 70615167 (14.7787%)
num_invalid_kmers = 673778 (0.141011%)
num_searches = 33432030/406529529 (8.22376%)
num_extensions = 373097499/406529529 (91.7762%)
num_memo_singleton = 3056220
num_memo_light = 23887860
elapsed = 52.305 sec / 0.87175 min / 109.466 ns/kmer
./sshash query -i /mnt/hd2/pibiri/DNA/sshash-indexes-new/ncbi-virus.k63.sshash -q /mnt/hd2/pibiri/DNA/queries/ncbi-queries.fastq.gz 
2026-08-28 20:42:46: performing queries from file '/mnt/hd2/pibiri/DNA/queries/ncbi-queries.fastq.gz'...
2026-08-28 20:42:46: DONE
==== query report:
num_kmers = 10330949
num_positive_kmers = 10230224 (99.025%)
num_negative_kmers = 99451 (0.962651%)
num_invalid_kmers = 1274 (0.0123319%)
num_searches = 279697/10230224 (2.73403%)
num_extensions = 9950527/10230224 (97.266%)
num_memo_singleton = 1727
num_memo_light = 53202
elapsed = 0.304 sec / 0.00506667 min / 29.4261 ns/kmer
./sshash query -i /mnt/hd2/pibiri/DNA/sshash-indexes-new/se.k63.sshash -q /mnt/hd2/pibiri/DNA/queries/SRR27871075_1.fastq.gz 
2026-08-28 20:42:47: performing queries from file '/mnt/hd2/pibiri/DNA/queries/SRR27871075_1.fastq.gz'...
2026-08-28 20:45:17: DONE
==== query report:
num_kmers = 541466405
num_positive_kmers = 507202856 (93.6721%)
num_negative_kmers = 34238416 (6.32328%)
num_invalid_kmers = 25133 (0.00464165%)
num_searches = 131137192/507202856 (25.855%)
num_extensions = 376065664/507202856 (74.145%)
num_memo_singleton = 126573
num_memo_light = 3425578
elapsed = 150.386 sec / 2.50643 min / 277.738 ns/kmer
./sshash query -i /mnt/hd2/pibiri/DNA/sshash-indexes-new/hprc.k63.sshash -q /mnt/hd2/pibiri/DNA/queries/SRR5833294.fastq.gz 
2026-08-28 20:45:20: performing queries from file '/mnt/hd2/pibiri/DNA/queries/SRR5833294.fastq.gz'...
2026-08-28 20:46:25: DONE
==== query report:
num_kmers = 477818474
num_positive_kmers = 434532302 (90.9409%)
num_negative_kmers = 42612394 (8.91811%)
num_invalid_kmers = 673778 (0.141011%)
num_searches = 43895917/434532302 (10.1019%)
num_extensions = 390636385/434532302 (89.8981%)
num_memo_singleton = 877256
num_memo_light = 13835358
elapsed = 65.02 sec / 1.08367 min / 136.077 ns/kmer
